// Jest Snapshot v1, https://goo.gl/fbAQLP

exports[`matches snapshot 1`] = `
<Fragment>
  <nav>
    <WithStyles(ForwardRef(Drawer))
      className="drawerMobile"
      classes={
        Object {
          "paper": "drawerPaper",
        }
      }
      onClose={[Function]}
      open={false}
      variant="temporary"
    >
      <DrawerContent
        onMenuItemClick={[Function]}
      />
    </WithStyles(ForwardRef(Drawer))>
    <WithStyles(ForwardRef(Drawer))
      className="drawerDesktop"
      classes={
        Object {
          "paper": "drawerPaper",
        }
      }
      open={true}
      variant="permanent"
    >
      <DrawerContent />
    </WithStyles(ForwardRef(Drawer))>
  </nav>
  <div
    className="wrapper"
  >
    <WithStyles(ForwardRef(AppBar))
      position="static"
    >
      <WithStyles(ForwardRef(Toolbar))>
        <WithStyles(ForwardRef(IconButton))
          className="drawerToggle"
          color="inherit"
          edge="start"
          onClick={[Function]}
        >
          <MenuIcon />
        </WithStyles(ForwardRef(IconButton))>
        <WithStyles(ForwardRef(Typography))
          component="h1"
          variant="h6"
        >
          Todogle
        </WithStyles(ForwardRef(Typography))>
      </WithStyles(ForwardRef(Toolbar))>
    </WithStyles(ForwardRef(AppBar))>
    <main>
      <Switch>
        <Route
          path="/create-task-list"
        >
          <CreateTaskList />
        </Route>
        <Route
          path="/task-list/:taskListId/task/:id"
        >
          <Task />
        </Route>
        <Route
          path="/task-list/:id"
        >
          <TaskList />
        </Route>
        <Route
          path="/"
        >
          <Home />
        </Route>
      </Switch>
    </main>
  </div>
</Fragment>
`;
