// Jest Snapshot v1, https://goo.gl/fbAQLP

exports[`matches snapshot 1`] = `
<div>
  <WithStyles(ForwardRef(Checkbox))
    checked={false}
    onClick={[Function]}
  />
  <i
    onClick={[Function]}
  >
    The best task
  </i>
  <WithStyles(ForwardRef(Button))
    onClick={[Function]}
    variant="contained"
  >
    Delete
  </WithStyles(ForwardRef(Button))>
</div>
`;
