// Jest Snapshot v1, https://goo.gl/fbAQLP

exports[`matches snapshot 1`] = `
<div
  className="root"
>
  <Styled(MuiBox)
    mb={3}
  >
    <Logo />
  </Styled(MuiBox)>
  <WithStyles(ForwardRef(CircularProgress)) />
</div>
`;
