// Jest Snapshot v1, https://goo.gl/fbAQLP

exports[`matches snapshot 1`] = `
<WithStyles(ForwardRef(Typography))
  component="h1"
  variant="h4"
>
  Todogle
</WithStyles(ForwardRef(Typography))>
`;
